[19Jun2025 02:36:07.427] [main/INFO] [cpw.mods.modlauncher.Launcher/MODLAUNCHER]: ModLauncher running: args [--launchTarget, forgeclientdev, --version, 21.1.172, --assetIndex, 17, --assetsDir, C:\\Users\\ultim\\.gradle\\caches\\neoformruntime\\assets, --gameDir, ., --fml.fmlVersion, 4.0.39, --fml.mcVersion, 1.21.1, --fml.neoForgeVersion, 21.1.172, --fml.neoFormVersion, 20240808.144430]
[19Jun2025 02:36:07.430] [main/INFO] [cpw.mods.modlauncher.Launcher/MODLAUNCHER]: JVM identified as Oracle Corporation Java HotSpot(TM) 64-Bit Server VM 21.0.7+8-LTS-245
[19Jun2025 02:36:07.431] [main/INFO] [cpw.mods.modlauncher.Launcher/MODLAUNCHER]: ModLauncher 11.0.4+main.d2e20e43 starting: java version 21.0.7 by Oracle Corporation; OS Windows 11 arch amd64 version 10.0
[19Jun2025 02:36:07.664] [main/INFO] [net.neoforged.fml.loading.ImmediateWindowHandler/]: Loading ImmediateWindowProvider fmlearlywindow
[19Jun2025 02:36:07.786] [main/INFO] [EARLYDISPLAY/]: Trying GL version 4.6
[19Jun2025 02:36:07.861] [main/INFO] [EARLYDISPLAY/]: Requested GL version 4.6 got version 4.6
[19Jun2025 02:36:08.002] [main/INFO] [mixin/]: SpongePowered MIXIN Subsystem Version=0.8.7 Source=union:/C:/Users/ultim/.gradle/caches/modules-2/files-2.1/net.fabricmc/sponge-mixin/0.15.2+mixin.0.8.7/2af2f021d8e02a0220dc27a7a72b4666d66d44ca/sponge-mixin-0.15.2+mixin.0.8.7.jar%23138!/ Service=ModLauncher Env=CLIENT
[19Jun2025 02:36:08.220] [pool-2-thread-1/INFO] [EARLYDISPLAY/]: GL info: AMD Radeon RX 6700 XT GL version 4.6.0 Core Profile Context 25.6.1.250522, ATI Technologies Inc.
[19Jun2025 02:36:08.415] [main/INFO] [net.neoforged.fml.loading.moddiscovery.locators.JarInJarDependencyLocator/]: Found 2 dependencies adding them to mods collection
[19Jun2025 02:36:08.416] [main/INFO] [net.neoforged.fml.loading.moddiscovery.ModDiscoverer/]: 
     Mod List:
		Name Version (Mod Id)

		Jukebox Speaker 1.0.0 (betterdiscs)
		Just Enough Items 19.21.0.247 (jei)
		Minecraft 1.21.1 (minecraft)
		NeoForge 21.1.172 (neoforge)
[19Jun2025 02:36:10.048] [main/INFO] [mixin/]: Compatibility level set to JAVA_21
[19Jun2025 02:36:10.096] [main/INFO] [cpw.mods.modlauncher.LaunchServiceHandler/MODLAUNCHER]: Launching target 'forgeclientdev' with arguments [--version, 21.1.172, --gameDir, ., --assetsDir, C:\Users\ultim\.gradle\caches\neoformruntime\assets, --assetIndex, 17]
[19Jun2025 02:36:10.414] [main/WARN] [mixin/]: Reference map 'betterdiscs.mixins.refmap.json' for betterdiscs.mixins.json could not be read. If this is a development environment you can ignore this message
[19Jun2025 02:36:13.169] [Datafixer Bootstrap/INFO] [com.mojang.datafixers.DataFixerBuilder/]: 229 Datafixer optimizations took 468 milliseconds
[19Jun2025 02:36:13.496] [main/WARN] [oshi.driver.windows.perfmon.PerfmonDisabled/]: Invalid registry value type detected for PerfOS counters. Should be REG_DWORD. Ignoring: HKEY_LOCAL_MACHINE\SYSTEM\CurrentControlSet\Services\PerfOS\Performance\Disable Performance Counters.
[19Jun2025 02:36:13.566] [pool-8-thread-1/INFO] [MixinExtras|Service/]: Initializing MixinExtras via com.llamalad7.mixinextras.service.MixinExtrasServiceImpl(version=0.4.1).
[19Jun2025 02:36:19.502] [main/WARN] [net.minecraft.commands.Commands/]: Ambiguity between arguments [teleport, location] and [teleport, destination] with inputs: [0.1 -0.5 .9, 0 0 0]
[19Jun2025 02:36:19.503] [main/WARN] [net.minecraft.commands.Commands/]: Ambiguity between arguments [teleport, location] and [teleport, targets] with inputs: [0.1 -0.5 .9, 0 0 0]
[19Jun2025 02:36:19.505] [main/WARN] [net.minecraft.commands.Commands/]: Ambiguity between arguments [teleport, destination] and [teleport, targets] with inputs: [Player, 0123, @e, dd12be42-52a9-4a91-a8a1-11c01849e498]
[19Jun2025 02:36:19.506] [main/WARN] [net.minecraft.commands.Commands/]: Ambiguity between arguments [teleport, targets] and [teleport, destination] with inputs: [Player, 0123, dd12be42-52a9-4a91-a8a1-11c01849e498]
[19Jun2025 02:36:19.507] [main/WARN] [net.minecraft.commands.Commands/]: Ambiguity between arguments [teleport, targets, location] and [teleport, targets, destination] with inputs: [0.1 -0.5 .9, 0 0 0]
[19Jun2025 02:36:19.637] [Render thread/WARN] [net.minecraft.server.packs.VanillaPackResourcesBuilder/]: Assets URL 'union:/C:/Users/ultim/Desktop/Minecraft%20mod%20projects/Version%201.21.1/BetterMusicDiscs%201.21.1-NEOFORGE/build/moddev/artifacts/neoforge-21.1.172-minecraft-merged.jar%23189!/assets/.mcassetsroot' uses unexpected schema
[19Jun2025 02:36:19.638] [Render thread/WARN] [net.minecraft.server.packs.VanillaPackResourcesBuilder/]: Assets URL 'union:/C:/Users/ultim/Desktop/Minecraft%20mod%20projects/Version%201.21.1/BetterMusicDiscs%201.21.1-NEOFORGE/build/moddev/artifacts/neoforge-21.1.172-minecraft-merged.jar%23189!/data/.mcassetsroot' uses unexpected schema
[19Jun2025 02:36:19.684] [Render thread/INFO] [com.mojang.authlib.yggdrasil.YggdrasilAuthenticationService/]: Environment: Environment[sessionHost=https://sessionserver.mojang.com, servicesHost=https://api.minecraftservices.com, name=PROD]
[19Jun2025 02:36:19.693] [Render thread/INFO] [net.minecraft.client.Minecraft/]: Setting user: Dev
[19Jun2025 02:36:19.808] [Render thread/INFO] [net.minecraft.client.Minecraft/]: Backend library: LWJGL version 3.3.3+5
[19Jun2025 02:36:20.031] [modloading-worker-0/INFO] [net.neoforged.neoforge.common.NeoForgeMod/NEOFORGE-MOD]: NeoForge mod loading, version 21.1.172, for MC 1.21.1
[19Jun2025 02:36:20.131] [modloading-worker-0/INFO] [mezz.jei.library.load.PluginCaller/]: Sending ConfigManager...
[19Jun2025 02:36:20.140] [modloading-worker-0/INFO] [mezz.jei.library.load.PluginCaller/]: Sending ConfigManager took 6.030 ms
[19Jun2025 02:36:20.852] [Render thread/INFO] [net.neoforged.neoforge.gametest.GameTestHooks/]: Enabled Gametest Namespaces: [betterdiscs]
[19Jun2025 02:36:21.085] [Render thread/INFO] [net.minecraft.server.packs.resources.ReloadableResourceManager/]: Reloading ResourceManager: vanilla, mod_resources, mod/neoforge, mod/jei, mod/betterdiscs
[19Jun2025 02:36:21.216] [Worker-Main-9/WARN] [net.minecraft.client.sounds.SoundManager/]: File betterdiscs:sounds/womp_portal.ogg does not exist, cannot add it to event betterdiscs:womp_portal
[19Jun2025 02:36:21.216] [Worker-Main-9/WARN] [net.minecraft.client.sounds.SoundManager/]: File betterdiscs:sounds/have_ghosts.ogg does not exist, cannot add it to event betterdiscs:have_ghosts
[19Jun2025 02:36:21.216] [Worker-Main-9/WARN] [net.minecraft.client.sounds.SoundManager/]: File betterdiscs:sounds/bad.ogg does not exist, cannot add it to event betterdiscs:bad
[19Jun2025 02:36:21.296] [Worker-Main-10/INFO] [net.minecraft.client.gui.font.providers.UnihexProvider/]: Found unifont_all_no_pua-15.1.05.hex, loading
[19Jun2025 02:36:21.427] [Worker-Main-15/INFO] [net.minecraft.client.gui.font.providers.UnihexProvider/]: Found unifont_jp_patch-15.1.05.hex, loading
[19Jun2025 02:36:23.105] [Render thread/WARN] [net.minecraft.client.sounds.SoundEngine/]: Missing sound for event: minecraft:item.goat_horn.play
[19Jun2025 02:36:23.105] [Render thread/WARN] [net.minecraft.client.sounds.SoundEngine/]: Missing sound for event: minecraft:entity.goat.screaming.horn_break
[19Jun2025 02:36:23.146] [Render thread/INFO] [com.mojang.blaze3d.audio.Library/]: OpenAL initialized on device OpenAL Soft on Desktop Speakers (Realtek High Definition Audio)
[19Jun2025 02:36:23.147] [Render thread/INFO] [net.minecraft.client.sounds.SoundEngine/SOUNDS]: Sound engine started
[19Jun2025 02:36:23.259] [Render thread/INFO] [net.minecraft.client.renderer.texture.TextureAtlas/]: Created: 1024x1024x4 minecraft:textures/atlas/blocks.png-atlas
[19Jun2025 02:36:23.271] [Render thread/INFO] [net.minecraft.client.renderer.texture.TextureAtlas/]: Created: 256x256x4 minecraft:textures/atlas/signs.png-atlas
[19Jun2025 02:36:23.271] [Render thread/INFO] [net.minecraft.client.renderer.texture.TextureAtlas/]: Created: 512x512x4 minecraft:textures/atlas/shield_patterns.png-atlas
[19Jun2025 02:36:23.271] [Render thread/INFO] [net.minecraft.client.renderer.texture.TextureAtlas/]: Created: 512x512x4 minecraft:textures/atlas/banner_patterns.png-atlas
[19Jun2025 02:36:23.272] [Render thread/INFO] [net.minecraft.client.renderer.texture.TextureAtlas/]: Created: 1024x1024x4 minecraft:textures/atlas/armor_trims.png-atlas
[19Jun2025 02:36:23.281] [Render thread/INFO] [net.minecraft.client.renderer.texture.TextureAtlas/]: Created: 256x256x4 minecraft:textures/atlas/chest.png-atlas
[19Jun2025 02:36:23.281] [Render thread/INFO] [net.minecraft.client.renderer.texture.TextureAtlas/]: Created: 128x64x4 minecraft:textures/atlas/decorated_pot.png-atlas
[19Jun2025 02:36:23.282] [Render thread/INFO] [net.minecraft.client.renderer.texture.TextureAtlas/]: Created: 512x256x4 minecraft:textures/atlas/shulker_boxes.png-atlas
[19Jun2025 02:36:23.282] [Render thread/INFO] [net.minecraft.client.renderer.texture.TextureAtlas/]: Created: 512x256x4 minecraft:textures/atlas/beds.png-atlas
[19Jun2025 02:36:23.461] [Render thread/INFO] [net.minecraft.client.renderer.texture.TextureAtlas/]: Created: 512x256x0 minecraft:textures/atlas/particles.png-atlas
[19Jun2025 02:36:23.463] [Render thread/INFO] [net.minecraft.client.renderer.texture.TextureAtlas/]: Created: 512x256x0 minecraft:textures/atlas/paintings.png-atlas
[19Jun2025 02:36:23.463] [Render thread/INFO] [net.minecraft.client.renderer.texture.TextureAtlas/]: Created: 256x128x0 minecraft:textures/atlas/mob_effects.png-atlas
[19Jun2025 02:36:23.465] [Render thread/INFO] [net.minecraft.client.renderer.texture.TextureAtlas/]: Created: 64x64x0 minecraft:textures/atlas/map_decorations.png-atlas
[19Jun2025 02:36:23.465] [Render thread/INFO] [net.minecraft.client.renderer.texture.TextureAtlas/]: Created: 1024x512x0 minecraft:textures/atlas/gui.png-atlas
[19Jun2025 02:36:23.500] [Render thread/WARN] [net.minecraft.client.renderer.ShaderInstance/]: Shader rendertype_entity_translucent_emissive could not find sampler named Sampler2 in the specified shader program.
[19Jun2025 02:36:23.572] [Render thread/INFO] [net.neoforged.neoforge.client.entity.animation.json.AnimationLoader/]: Loaded 0 entity animations
[19Jun2025 02:36:23.572] [Render thread/INFO] [net.minecraft.client.renderer.texture.TextureAtlas/]: Created: 256x256x0 jei:textures/atlas/gui.png-atlas
[19Jun2025 02:36:28.048] [Render thread/INFO] [net.minecraft.world.item.crafting.RecipeManager/]: Loaded 1318 recipes
[19Jun2025 02:36:28.331] [Render thread/INFO] [net.minecraft.advancements.AdvancementTree/]: Loaded 1407 advancements
[19Jun2025 02:36:28.751] [Render thread/INFO] [mezz.jei.neoforge.startup.StartEventObserver/]: JEI StartEventObserver received class net.neoforged.neoforge.event.TagsUpdatedEvent too early, ignoring
[19Jun2025 02:36:28.833] [Server thread/INFO] [net.minecraft.client.server.IntegratedServer/]: Starting integrated minecraft server version 1.21.1
[19Jun2025 02:36:28.833] [Server thread/INFO] [net.minecraft.server.MinecraftServer/]: Generating keypair
[19Jun2025 02:36:29.775] [Server thread/INFO] [net.minecraft.server.MinecraftServer/]: Preparing start region for dimension minecraft:overworld
[19Jun2025 02:36:30.113] [progressListener/INFO] [net.minecraft.server.level.progress.LoggerChunkProgressListener/]: Preparing spawn area: 0%
[19Jun2025 02:36:30.303] [progressListener/INFO] [net.minecraft.server.level.progress.LoggerChunkProgressListener/]: Time elapsed: 516 ms
[19Jun2025 02:36:30.304] [Server thread/INFO] [net.neoforged.neoforge.server.permission.PermissionAPI/]: Successfully initialized permission handler neoforge:default_handler
[19Jun2025 02:36:30.372] [Server thread/INFO] [net.minecraft.client.server.IntegratedServer/]: Changing view distance to 12, from 10
[19Jun2025 02:36:30.372] [Server thread/INFO] [net.minecraft.client.server.IntegratedServer/]: Changing simulation distance to 12, from 0
[19Jun2025 02:36:31.117] [Render thread/INFO] [mezz.jei.neoforge.startup.StartEventObserver/]: JEI StartEventObserver received class net.neoforged.neoforge.event.TagsUpdatedEvent
[19Jun2025 02:36:31.275] [Server thread/INFO] [net.minecraft.server.players.PlayerList/]: Dev[local:E:da172a14] logged in with entity id 32 at (42.30000001192093, 65.0, 378.75254298783165)
[19Jun2025 02:36:31.383] [Server thread/INFO] [net.minecraft.server.MinecraftServer/]: Dev joined the game
[19Jun2025 02:36:31.651] [Render thread/WARN] [net.minecraft.client.ClientRecipeBook/]: Unknown recipe category: betterdiscs:record_lathe_station/betterdiscs:blank_record_to_mellohi
[19Jun2025 02:36:31.651] [Render thread/WARN] [net.minecraft.client.ClientRecipeBook/]: Unknown recipe category: betterdiscs:record_lathe_station/betterdiscs:blank_record_to_ward
[19Jun2025 02:36:31.651] [Render thread/WARN] [net.minecraft.client.ClientRecipeBook/]: Unknown recipe category: betterdiscs:record_lathe_station/betterdiscs:blank_record_to_cat
[19Jun2025 02:36:31.651] [Render thread/WARN] [net.minecraft.client.ClientRecipeBook/]: Unknown recipe category: betterdiscs:record_lathe_station/betterdiscs:blank_record_to_chirp
[19Jun2025 02:36:31.651] [Render thread/WARN] [net.minecraft.client.ClientRecipeBook/]: Unknown recipe category: betterdiscs:record_lathe_station/betterdiscs:blank_record_to_creator_music_box
[19Jun2025 02:36:31.651] [Render thread/WARN] [net.minecraft.client.ClientRecipeBook/]: Unknown recipe category: betterdiscs:record_lathe_station/betterdiscs:blank_record_to_far
[19Jun2025 02:36:31.651] [Render thread/WARN] [net.minecraft.client.ClientRecipeBook/]: Unknown recipe category: betterdiscs:record_lathe_station/betterdiscs:blank_record_to_strad
[19Jun2025 02:36:31.651] [Render thread/WARN] [net.minecraft.client.ClientRecipeBook/]: Unknown recipe category: betterdiscs:record_lathe_station/betterdiscs:blank_record_to_wait
[19Jun2025 02:36:31.651] [Render thread/WARN] [net.minecraft.client.ClientRecipeBook/]: Unknown recipe category: betterdiscs:record_lathe_station/betterdiscs:blank_record_to_relic
[19Jun2025 02:36:31.651] [Render thread/WARN] [net.minecraft.client.ClientRecipeBook/]: Unknown recipe category: betterdiscs:record_lathe_station/betterdiscs:blank_record_to_precipice
[19Jun2025 02:36:31.651] [Render thread/WARN] [net.minecraft.client.ClientRecipeBook/]: Unknown recipe category: betterdiscs:record_lathe_station/betterdiscs:blank_record_to_stal
[19Jun2025 02:36:31.652] [Render thread/WARN] [net.minecraft.client.ClientRecipeBook/]: Unknown recipe category: betterdiscs:record_lathe_station/betterdiscs:blank_record_to_otherside
[19Jun2025 02:36:31.652] [Render thread/WARN] [net.minecraft.client.ClientRecipeBook/]: Unknown recipe category: betterdiscs:record_lathe_station/betterdiscs:blank_record_to_pigstep
[19Jun2025 02:36:31.652] [Render thread/WARN] [net.minecraft.client.ClientRecipeBook/]: Unknown recipe category: betterdiscs:record_lathe_station/betterdiscs:blank_record_to_5
[19Jun2025 02:36:31.652] [Render thread/WARN] [net.minecraft.client.ClientRecipeBook/]: Unknown recipe category: betterdiscs:record_lathe_station/betterdiscs:blank_record_to_13
[19Jun2025 02:36:31.652] [Render thread/WARN] [net.minecraft.client.ClientRecipeBook/]: Unknown recipe category: betterdiscs:record_lathe_station/betterdiscs:blank_record_to_11
[19Jun2025 02:36:31.652] [Render thread/WARN] [net.minecraft.client.ClientRecipeBook/]: Unknown recipe category: betterdiscs:record_lathe_station/betterdiscs:blank_record_to_blocks
[19Jun2025 02:36:31.652] [Render thread/WARN] [net.minecraft.client.ClientRecipeBook/]: Unknown recipe category: betterdiscs:record_lathe_station/betterdiscs:blank_record_to_creator
[19Jun2025 02:36:31.652] [Render thread/WARN] [net.minecraft.client.ClientRecipeBook/]: Unknown recipe category: betterdiscs:record_lathe_station/betterdiscs:blank_record_to_mall
[19Jun2025 02:36:31.652] [Render thread/WARN] [net.minecraft.client.ClientRecipeBook/]: Unknown recipe category: betterdiscs:record_press_station/betterdiscs:resin_ball_recipe
[19Jun2025 02:36:31.675] [Render thread/INFO] [mezz.jei.neoforge.startup.StartEventObserver/]: JEI StartEventObserver received class net.neoforged.neoforge.client.event.RecipesUpdatedEvent
[19Jun2025 02:36:31.675] [Render thread/INFO] [mezz.jei.neoforge.startup.StartEventObserver/]: JEI StartEventObserver transitioning state from LISTENING to JEI_STARTED
[19Jun2025 02:36:31.678] [Render thread/INFO] [mezz.jei.core.util.LoggedTimer/]: Starting JEI...
[19Jun2025 02:36:31.709] [Render thread/INFO] [mezz.jei.library.load.PluginCaller/]: Registering item subtypes...
[19Jun2025 02:36:31.734] [Render thread/INFO] [mezz.jei.library.load.PluginCallerTimerRunnable/]: Registering item subtypes: jei:minecraft took 24.05 milliseconds
[19Jun2025 02:36:31.735] [Render thread/INFO] [mezz.jei.library.load.PluginCaller/]: Registering item subtypes took 25.89 ms
[19Jun2025 02:36:31.736] [Render thread/INFO] [mezz.jei.library.load.PluginCaller/]: Registering fluid subtypes...
[19Jun2025 02:36:31.741] [Render thread/INFO] [mezz.jei.library.load.PluginCaller/]: Registering fluid subtypes took 4.968 ms
[19Jun2025 02:36:31.747] [Render thread/INFO] [mezz.jei.library.load.PluginCaller/]: Registering ingredients...
[19Jun2025 02:36:31.890] [Render thread/WARN] [mezz.jei.library.plugins.vanilla.ingredients.ItemStackListFactory/]: Item Group has no display items and no search tab display items. Items from this group will be missing from the JEI ingredient list. Operator Utilities
[19Jun2025 02:36:31.937] [Render thread/INFO] [mezz.jei.library.load.PluginCallerTimerRunnable/]: Registering ingredients: jei:minecraft took 188.4 milliseconds
[19Jun2025 02:36:31.938] [Render thread/INFO] [mezz.jei.library.load.PluginCaller/]: Registering ingredients took 189.3 ms
[19Jun2025 02:36:31.939] [Render thread/INFO] [mezz.jei.library.load.PluginCaller/]: Registering extra ingredients...
[19Jun2025 02:36:31.940] [Render thread/INFO] [mezz.jei.library.load.PluginCaller/]: Registering extra ingredients took 874.4 μs
[19Jun2025 02:36:31.943] [Render thread/INFO] [mezz.jei.library.load.PluginCaller/]: Registering search ingredient aliases...
[19Jun2025 02:36:31.945] [Render thread/INFO] [mezz.jei.library.load.PluginCaller/]: Registering search ingredient aliases took 1.472 ms
[19Jun2025 02:36:32.000] [Render thread/INFO] [mezz.jei.library.load.PluginCaller/]: Registering Mod Info...
[19Jun2025 02:36:32.001] [Render thread/INFO] [mezz.jei.library.load.PluginCaller/]: Registering Mod Info took 929.8 μs
[19Jun2025 02:36:32.053] [Render thread/INFO] [mezz.jei.library.load.PluginCaller/]: Registering categories...
[19Jun2025 02:36:32.108] [Render thread/INFO] [mezz.jei.library.load.PluginCallerTimerRunnable/]: Registering categories: jei:minecraft took 54.24 milliseconds
[19Jun2025 02:36:32.132] [Render thread/INFO] [mezz.jei.library.load.PluginCallerTimerRunnable/]: Registering categories: jei:internal took 14.56 milliseconds
[19Jun2025 02:36:32.132] [Render thread/INFO] [mezz.jei.library.load.PluginCaller/]: Registering categories took 79.07 ms
[19Jun2025 02:36:32.136] [Render thread/INFO] [mezz.jei.library.load.PluginCaller/]: Registering vanilla category extensions...
[19Jun2025 02:36:32.147] [Render thread/INFO] [mezz.jei.library.load.PluginCaller/]: Registering vanilla category extensions took 11.11 ms
[19Jun2025 02:36:32.150] [Render thread/INFO] [mezz.jei.library.load.PluginCaller/]: Registering recipe catalysts...
[19Jun2025 02:36:32.151] [Render thread/INFO] [mezz.jei.library.load.PluginCaller/]: Registering recipe catalysts took 1.374 ms
[19Jun2025 02:36:32.152] [Render thread/INFO] [mezz.jei.core.util.LoggedTimer/]: Building recipe registry...
[19Jun2025 02:36:32.187] [Render thread/INFO] [mezz.jei.core.util.LoggedTimer/]: Building recipe registry took 34.55 ms
[19Jun2025 02:36:32.191] [Render thread/INFO] [mezz.jei.library.load.PluginCaller/]: Registering advanced plugins...
[19Jun2025 02:36:32.192] [Render thread/INFO] [mezz.jei.library.load.PluginCaller/]: Registering advanced plugins took 877.5 μs
[19Jun2025 02:36:32.197] [Render thread/INFO] [mezz.jei.library.load.PluginCaller/]: Registering recipes...
[19Jun2025 02:36:32.456] [Render thread/INFO] [mezz.jei.library.load.PluginCallerTimerRunnable/]: Registering recipes: jei:minecraft took 258.3 milliseconds
[19Jun2025 02:36:32.510] [Render thread/INFO] [mezz.jei.library.load.PluginCallerTimerRunnable/]: Registering recipes: jei:internal took 52.36 milliseconds
[19Jun2025 02:36:32.511] [Render thread/INFO] [mezz.jei.library.load.PluginCaller/]: Registering recipes took 314.0 ms
[19Jun2025 02:36:32.558] [Render thread/INFO] [mezz.jei.library.load.PluginCaller/]: Registering recipes transfer handlers...
[19Jun2025 02:36:32.570] [Render thread/INFO] [mezz.jei.library.load.PluginCallerTimerRunnable/]: Registering recipes transfer handlers: jei:minecraft took 11.14 milliseconds
[19Jun2025 02:36:32.571] [Render thread/INFO] [mezz.jei.library.load.PluginCaller/]: Registering recipes transfer handlers took 12.42 ms
[19Jun2025 02:36:32.594] [Render thread/INFO] [mezz.jei.core.util.LoggedTimer/]: Building runtime...
[19Jun2025 02:36:32.612] [Render thread/INFO] [mezz.jei.library.load.PluginCaller/]: Registering gui handlers...
[19Jun2025 02:36:32.641] [Render thread/INFO] [mezz.jei.library.load.PluginCallerTimerRunnable/]: Registering gui handlers: jei:gui took 19.60 milliseconds
[19Jun2025 02:36:32.642] [Render thread/INFO] [mezz.jei.library.load.PluginCaller/]: Registering gui handlers took 30.13 ms
[19Jun2025 02:36:32.660] [Render thread/INFO] [mezz.jei.library.load.PluginCaller/]: Registering Runtime...
[19Jun2025 02:36:32.664] [Render thread/INFO] [mezz.jei.gui.startup.JeiGuiStarter/]: Starting JEI GUI
[19Jun2025 02:36:32.666] [Render thread/INFO] [mezz.jei.core.util.LoggedTimer/]: Building ingredient list...
[19Jun2025 02:36:32.712] [Render thread/INFO] [mezz.jei.core.util.LoggedTimer/]: Building ingredient list took 45.85 ms
[19Jun2025 02:36:32.713] [Render thread/INFO] [mezz.jei.core.util.LoggedTimer/]: Building ingredient filter...
[19Jun2025 02:36:32.854] [Render thread/INFO] [mezz.jei.gui.ingredients.IngredientFilter/]: Adding 1697 ingredients
[19Jun2025 02:36:33.119] [Render thread/INFO] [mezz.jei.gui.ingredients.IngredientFilter/]: Added 1697 ingredients
[19Jun2025 02:36:33.121] [Render thread/INFO] [mezz.jei.core.util.LoggedTimer/]: Building ingredient filter took 408.2 ms
[19Jun2025 02:36:33.410] [Render thread/INFO] [mezz.jei.library.load.PluginCallerTimerRunnable/]: Registering Runtime: jei:neoforge_gui took 748.7 milliseconds
[19Jun2025 02:36:33.410] [Render thread/INFO] [mezz.jei.library.load.PluginCaller/]: Registering Runtime took 750.0 ms
[19Jun2025 02:36:33.414] [Render thread/INFO] [mezz.jei.core.util.LoggedTimer/]: Building runtime took 819.4 ms
[19Jun2025 02:36:33.415] [Render thread/INFO] [mezz.jei.library.load.PluginCaller/]: Sending Runtime...
[19Jun2025 02:36:33.415] [Render thread/INFO] [mezz.jei.library.load.PluginCaller/]: Sending Runtime took 713.1 μs
[19Jun2025 02:36:33.416] [Render thread/INFO] [mezz.jei.core.util.LoggedTimer/]: Starting JEI took 1.737 s
[19Jun2025 02:36:33.447] [Render thread/INFO] [net.minecraft.advancements.AdvancementTree/]: Loaded 4 advancements
[19Jun2025 02:36:37.411] [Render thread/INFO] [net.ultimporks.betterdiscs.BetterMusicDiscs/]: BetterMusicDiscs LOGGER - TUNING_TOOL - Play Button Clicked!
[19Jun2025 02:36:37.417] [Server thread/INFO] [net.ultimporks.betterdiscs.BetterMusicDiscs/]: BetterMusicDiscs LOGGER - JUKEBLOCK - currentDisc: 1 minecraft:music_disc_otherside
[19Jun2025 02:36:37.425] [Server thread/INFO] [net.ultimporks.betterdiscs.BetterMusicDiscs/]: BetterMusicDiscs LOGGER - JUKEBLOCK - currentSong: Optional[Reference{ResourceKey[minecraft:jukebox_song / minecraft:otherside]=JukeboxSong[soundEvent=Reference{ResourceKey[minecraft:sound_event / minecraft:music_disc.otherside]=net.minecraft.sounds.SoundEvent@6b6931d6}, description=translation{key='jukebox_song.minecraft.otherside', args=[]}, lengthInSeconds=195.0, comparatorOutput=14]}]
[19Jun2025 02:36:37.432] [Server thread/INFO] [net.ultimporks.betterdiscs.BetterMusicDiscs/]: BetterMusicDiscs LOGGER - JUKEBLOCK - Current Song set to: Optional[Reference{ResourceKey[minecraft:jukebox_song / minecraft:otherside]=JukeboxSong[soundEvent=Reference{ResourceKey[minecraft:sound_event / minecraft:music_disc.otherside]=net.minecraft.sounds.SoundEvent@6b6931d6}, description=translation{key='jukebox_song.minecraft.otherside', args=[]}, lengthInSeconds=195.0, comparatorOutput=14]}]
[19Jun2025 02:36:37.453] [Render thread/INFO] [net.ultimporks.betterdiscs.BetterMusicDiscs/]: BetterMusicDiscs LOGGER - JUKEBLOCK - (JukeblockSoundEvent) - Speaker is starting! Song: Lena Raine - otherside, Volume: 1.0
[19Jun2025 02:36:37.453] [Render thread/INFO] [net.ultimporks.betterdiscs.BetterMusicDiscs/]: BetterMusicDiscs LOGGER - JUKEBLOCK - (JukeblockSoundEvent) - Playing song: Lena Raine - otherside
[19Jun2025 02:36:43.968] [Render thread/INFO] [net.ultimporks.betterdiscs.BetterMusicDiscs/]: BetterMusicDiscs LOGGER - JUKEBLOCK - (JukeblockSoundEvent) - Jukeblock Speaker is stopping! BlockPos{x=39, y=66, z=385}
[19Jun2025 02:36:43.969] [Render thread/INFO] [net.ultimporks.betterdiscs.BetterMusicDiscs/]: BetterMusicDiscs LOGGER - JUKEBLOCK - (JukeblockSoundEvent) - Jukeblock is stopping! BlockPos{x=96, y=71, z=372}
[19Jun2025 02:36:55.066] [Render thread/INFO] [net.ultimporks.betterdiscs.BetterMusicDiscs/]: BetterMusicDiscs LOGGER - TUNING_TOOL - Play Button Clicked!
[19Jun2025 02:36:55.066] [Server thread/INFO] [net.ultimporks.betterdiscs.BetterMusicDiscs/]: BetterMusicDiscs LOGGER - JUKEBLOCK - currentDisc: 1 minecraft:music_disc_creator
[19Jun2025 02:36:55.067] [Server thread/INFO] [net.ultimporks.betterdiscs.BetterMusicDiscs/]: BetterMusicDiscs LOGGER - JUKEBLOCK - currentSong: Optional[Reference{ResourceKey[minecraft:jukebox_song / minecraft:creator]=JukeboxSong[soundEvent=Reference{ResourceKey[minecraft:sound_event / minecraft:music_disc.creator]=net.minecraft.sounds.SoundEvent@15ce71dc}, description=translation{key='jukebox_song.minecraft.creator', args=[]}, lengthInSeconds=176.0, comparatorOutput=12]}]
[19Jun2025 02:36:55.067] [Server thread/INFO] [net.ultimporks.betterdiscs.BetterMusicDiscs/]: BetterMusicDiscs LOGGER - JUKEBLOCK - Current Song set to: Optional[Reference{ResourceKey[minecraft:jukebox_song / minecraft:creator]=JukeboxSong[soundEvent=Reference{ResourceKey[minecraft:sound_event / minecraft:music_disc.creator]=net.minecraft.sounds.SoundEvent@15ce71dc}, description=translation{key='jukebox_song.minecraft.creator', args=[]}, lengthInSeconds=176.0, comparatorOutput=12]}]
[19Jun2025 02:36:55.075] [Render thread/INFO] [net.ultimporks.betterdiscs.BetterMusicDiscs/]: BetterMusicDiscs LOGGER - JUKEBLOCK - (JukeblockSoundEvent) - Speaker is starting! Song: Lena Raine - Creator, Volume: 1.0
[19Jun2025 02:36:55.075] [Render thread/INFO] [net.ultimporks.betterdiscs.BetterMusicDiscs/]: BetterMusicDiscs LOGGER - JUKEBLOCK - (JukeblockSoundEvent) - Playing song: Lena Raine - Creator
[19Jun2025 02:36:57.018] [Render thread/INFO] [net.ultimporks.betterdiscs.BetterMusicDiscs/]: BetterMusicDiscs LOGGER - JUKEBLOCK - (JukeblockSoundEvent) - Jukeblock Speaker is stopping! BlockPos{x=39, y=66, z=385}
[19Jun2025 02:36:57.018] [Render thread/INFO] [net.ultimporks.betterdiscs.BetterMusicDiscs/]: BetterMusicDiscs LOGGER - JUKEBLOCK - (JukeblockSoundEvent) - Jukeblock is stopping! BlockPos{x=96, y=71, z=372}
[19Jun2025 02:37:00.681] [Render thread/INFO] [net.ultimporks.betterdiscs.BetterMusicDiscs/]: BetterMusicDiscs LOGGER - TUNING_TOOL - Play Button Clicked!
[19Jun2025 02:37:00.682] [Server thread/INFO] [net.ultimporks.betterdiscs.BetterMusicDiscs/]: BetterMusicDiscs LOGGER - JUKEBLOCK - currentDisc: 1 minecraft:music_disc_precipice
[19Jun2025 02:37:00.682] [Server thread/INFO] [net.ultimporks.betterdiscs.BetterMusicDiscs/]: BetterMusicDiscs LOGGER - JUKEBLOCK - currentSong: Optional[Reference{ResourceKey[minecraft:jukebox_song / minecraft:precipice]=JukeboxSong[soundEvent=Reference{ResourceKey[minecraft:sound_event / minecraft:music_disc.precipice]=net.minecraft.sounds.SoundEvent@bf373ad}, description=translation{key='jukebox_song.minecraft.precipice', args=[]}, lengthInSeconds=299.0, comparatorOutput=13]}]
[19Jun2025 02:37:00.682] [Server thread/INFO] [net.ultimporks.betterdiscs.BetterMusicDiscs/]: BetterMusicDiscs LOGGER - JUKEBLOCK - Current Song set to: Optional[Reference{ResourceKey[minecraft:jukebox_song / minecraft:precipice]=JukeboxSong[soundEvent=Reference{ResourceKey[minecraft:sound_event / minecraft:music_disc.precipice]=net.minecraft.sounds.SoundEvent@bf373ad}, description=translation{key='jukebox_song.minecraft.precipice', args=[]}, lengthInSeconds=299.0, comparatorOutput=13]}]
[19Jun2025 02:37:00.690] [Render thread/INFO] [net.ultimporks.betterdiscs.BetterMusicDiscs/]: BetterMusicDiscs LOGGER - JUKEBLOCK - (JukeblockSoundEvent) - Speaker is starting! Song: Aaron Cherof - Precipice, Volume: 1.0
[19Jun2025 02:37:00.691] [Render thread/INFO] [net.ultimporks.betterdiscs.BetterMusicDiscs/]: BetterMusicDiscs LOGGER - JUKEBLOCK - (JukeblockSoundEvent) - Playing song: Aaron Cherof - Precipice
[19Jun2025 02:37:02.665] [Render thread/INFO] [net.ultimporks.betterdiscs.BetterMusicDiscs/]: BetterMusicDiscs LOGGER - JUKEBLOCK - (JukeblockSoundEvent) - Jukeblock Speaker is stopping! BlockPos{x=39, y=66, z=385}
[19Jun2025 02:37:02.665] [Render thread/INFO] [net.ultimporks.betterdiscs.BetterMusicDiscs/]: BetterMusicDiscs LOGGER - JUKEBLOCK - (JukeblockSoundEvent) - Jukeblock is stopping! BlockPos{x=96, y=71, z=372}
[19Jun2025 02:37:04.047] [Render thread/INFO] [net.ultimporks.betterdiscs.BetterMusicDiscs/]: BetterMusicDiscs LOGGER - TUNING_TOOL - Play Button Clicked!
[19Jun2025 02:37:04.047] [Server thread/INFO] [net.ultimporks.betterdiscs.BetterMusicDiscs/]: BetterMusicDiscs LOGGER - JUKEBLOCK - currentDisc: 0 minecraft:air
[19Jun2025 02:37:04.048] [Server thread/INFO] [net.ultimporks.betterdiscs.BetterMusicDiscs/]: BetterMusicDiscs LOGGER - JUKEBLOCK - currentSong: Optional[Reference{ResourceKey[minecraft:jukebox_song / minecraft:precipice]=JukeboxSong[soundEvent=Reference{ResourceKey[minecraft:sound_event / minecraft:music_disc.precipice]=net.minecraft.sounds.SoundEvent@bf373ad}, description=translation{key='jukebox_song.minecraft.precipice', args=[]}, lengthInSeconds=299.0, comparatorOutput=13]}]
[19Jun2025 02:37:06.191] [Render thread/INFO] [net.ultimporks.betterdiscs.BetterMusicDiscs/]: BetterMusicDiscs LOGGER - TUNING_TOOL - Play Button Clicked!
[19Jun2025 02:37:06.191] [Server thread/INFO] [net.ultimporks.betterdiscs.BetterMusicDiscs/]: BetterMusicDiscs LOGGER - JUKEBLOCK - currentDisc: 1 minecraft:music_disc_otherside
[19Jun2025 02:37:06.192] [Server thread/INFO] [net.ultimporks.betterdiscs.BetterMusicDiscs/]: BetterMusicDiscs LOGGER - JUKEBLOCK - currentSong: Optional[Reference{ResourceKey[minecraft:jukebox_song / minecraft:otherside]=JukeboxSong[soundEvent=Reference{ResourceKey[minecraft:sound_event / minecraft:music_disc.otherside]=net.minecraft.sounds.SoundEvent@6b6931d6}, description=translation{key='jukebox_song.minecraft.otherside', args=[]}, lengthInSeconds=195.0, comparatorOutput=14]}]
[19Jun2025 02:37:06.192] [Server thread/INFO] [net.ultimporks.betterdiscs.BetterMusicDiscs/]: BetterMusicDiscs LOGGER - JUKEBLOCK - Current Song set to: Optional[Reference{ResourceKey[minecraft:jukebox_song / minecraft:otherside]=JukeboxSong[soundEvent=Reference{ResourceKey[minecraft:sound_event / minecraft:music_disc.otherside]=net.minecraft.sounds.SoundEvent@6b6931d6}, description=translation{key='jukebox_song.minecraft.otherside', args=[]}, lengthInSeconds=195.0, comparatorOutput=14]}]
[19Jun2025 02:37:06.192] [Render thread/INFO] [net.ultimporks.betterdiscs.BetterMusicDiscs/]: BetterMusicDiscs LOGGER - JUKEBLOCK - (JukeblockSoundEvent) - Speaker is starting! Song: Lena Raine - otherside, Volume: 1.0
[19Jun2025 02:37:06.192] [Render thread/INFO] [net.ultimporks.betterdiscs.BetterMusicDiscs/]: BetterMusicDiscs LOGGER - JUKEBLOCK - (JukeblockSoundEvent) - Playing song: Lena Raine - otherside
[19Jun2025 02:37:08.360] [Render thread/INFO] [net.ultimporks.betterdiscs.BetterMusicDiscs/]: BetterMusicDiscs LOGGER - JUKEBLOCK - (JukeblockSoundEvent) - Jukeblock Speaker is stopping! BlockPos{x=39, y=66, z=385}
[19Jun2025 02:37:08.360] [Render thread/INFO] [net.ultimporks.betterdiscs.BetterMusicDiscs/]: BetterMusicDiscs LOGGER - JUKEBLOCK - (JukeblockSoundEvent) - Jukeblock is stopping! BlockPos{x=96, y=71, z=372}
[19Jun2025 02:37:53.006] [Server thread/INFO] [net.minecraft.client.server.IntegratedServer/]: Saving and pausing game...
[19Jun2025 02:37:53.029] [Server thread/INFO] [net.minecraft.server.MinecraftServer/]: Saving chunks for level 'ServerLevel[New World]'/minecraft:overworld
[19Jun2025 02:37:53.047] [Server thread/INFO] [net.minecraft.server.MinecraftServer/]: Saving chunks for level 'ServerLevel[New World]'/minecraft:the_end
[19Jun2025 02:37:53.047] [Server thread/INFO] [net.minecraft.server.MinecraftServer/]: Saving chunks for level 'ServerLevel[New World]'/minecraft:the_nether
[19Jun2025 02:37:53.469] [Render thread/INFO] [mezz.jei.neoforge.startup.StartEventObserver/]: JEI StartEventObserver received class net.neoforged.neoforge.client.event.ClientPlayerNetworkEvent$LoggingOut
[19Jun2025 02:37:53.469] [Render thread/INFO] [mezz.jei.neoforge.startup.StartEventObserver/]: JEI StartEventObserver transitioning state from JEI_STARTED to LISTENING
[19Jun2025 02:37:53.469] [Render thread/INFO] [mezz.jei.library.startup.JeiStarter/]: Stopping JEI
[19Jun2025 02:37:53.469] [Render thread/INFO] [mezz.jei.library.load.PluginCaller/]: Sending Runtime Unavailable...
[19Jun2025 02:37:53.470] [Render thread/INFO] [mezz.jei.neoforge.plugins.neoforge.NeoForgeGuiPlugin/]: Stopping JEI GUI
[19Jun2025 02:37:53.473] [Render thread/INFO] [mezz.jei.library.load.PluginCaller/]: Sending Runtime Unavailable took 4.052 ms
[19Jun2025 02:37:53.513] [Server thread/INFO] [net.minecraft.server.network.ServerGamePacketListenerImpl/]: Dev lost connection: Disconnected
[19Jun2025 02:37:53.514] [Server thread/INFO] [net.minecraft.server.MinecraftServer/]: Dev left the game
[19Jun2025 02:37:53.524] [Server thread/INFO] [net.minecraft.server.network.ServerCommonPacketListenerImpl/]: Stopping singleplayer server as player logged out
[19Jun2025 02:37:53.575] [Server thread/INFO] [net.minecraft.server.MinecraftServer/]: Stopping server
[19Jun2025 02:37:53.575] [Server thread/INFO] [net.minecraft.server.MinecraftServer/]: Saving players
[19Jun2025 02:37:53.576] [Server thread/INFO] [net.minecraft.server.MinecraftServer/]: Saving worlds
[19Jun2025 02:37:53.691] [Server thread/INFO] [net.minecraft.server.MinecraftServer/]: Saving chunks for level 'ServerLevel[New World]'/minecraft:overworld
[19Jun2025 02:37:53.721] [Server thread/INFO] [net.minecraft.server.MinecraftServer/]: Saving chunks for level 'ServerLevel[New World]'/minecraft:the_end
[19Jun2025 02:37:53.723] [Server thread/INFO] [net.minecraft.server.MinecraftServer/]: Saving chunks for level 'ServerLevel[New World]'/minecraft:the_nether
[19Jun2025 02:37:53.730] [Server thread/INFO] [net.minecraft.server.MinecraftServer/]: ThreadedAnvilChunkStorage (New World): All chunks are saved
[19Jun2025 02:37:53.730] [Server thread/INFO] [net.minecraft.server.MinecraftServer/]: ThreadedAnvilChunkStorage (DIM1): All chunks are saved
[19Jun2025 02:37:53.730] [Server thread/INFO] [net.minecraft.server.MinecraftServer/]: ThreadedAnvilChunkStorage (DIM-1): All chunks are saved
[19Jun2025 02:37:53.730] [Server thread/INFO] [net.minecraft.server.MinecraftServer/]: ThreadedAnvilChunkStorage: All dimensions are saved
[19Jun2025 02:37:54.593] [Render thread/INFO] [net.minecraft.client.Minecraft/]: Stopping!
